[2025-11-02T07:38:15.506+0000][gc] Using G1
[2025-11-02T07:38:15.514+0000][gc,init] Version: 17.0.16+8-LTS (release)
[2025-11-02T07:38:15.514+0000][gc,init] CPUs: 4 total, 4 available
[2025-11-02T07:38:15.514+0000][gc,init] Memory: 16015M
[2025-11-02T07:38:15.514+0000][gc,init] Large Page Support: Disabled
[2025-11-02T07:38:15.514+0000][gc,init] NUMA Support: Disabled
[2025-11-02T07:38:15.514+0000][gc,init] Compressed Oops: Enabled (32-bit)
[2025-11-02T07:38:15.514+0000][gc,init] Heap Region Size: 1M
[2025-11-02T07:38:15.514+0000][gc,init] Heap Min Capacity: 1G
[2025-11-02T07:38:15.514+0000][gc,init] Heap Initial Capacity: 1G
[2025-11-02T07:38:15.514+0000][gc,init] Heap Max Capacity: 1G
[2025-11-02T07:38:15.514+0000][gc,init] Pre-touch: Disabled
[2025-11-02T07:38:15.514+0000][gc,init] Parallel Workers: 4
[2025-11-02T07:38:15.514+0000][gc,init] Concurrent Workers: 1
[2025-11-02T07:38:15.514+0000][gc,init] Concurrent Refinement Workers: 4
[2025-11-02T07:38:15.514+0000][gc,init] Periodic GC: Disabled
[2025-11-02T07:38:15.521+0000][gc,metaspace] CDS archive(s) mapped at: [0x00007fe743000000-0x00007fe743bcc000-0x00007fe743bcc000), size 12369920, SharedBaseAddress: 0x00007fe743000000, ArchiveRelocationMode: 1.
[2025-11-02T07:38:15.521+0000][gc,metaspace] Compressed class space mapped at: 0x00007fe744000000-0x00007fe784000000, reserved size: 1073741824
[2025-11-02T07:38:15.521+0000][gc,metaspace] Narrow klass base: 0x00007fe743000000, Narrow klass shift: 0, Narrow klass range: 0x100000000
[2025-11-02T07:38:16.659+0000][gc,start    ] GC(0) Pause Young (Normal) (G1 Evacuation Pause)
[2025-11-02T07:38:16.662+0000][gc,task     ] GC(0) Using 4 workers of 4 for evacuation
[2025-11-02T07:38:16.688+0000][gc,mmu      ] GC(0) MMU target violated: 21.0ms (20.0ms/21.0ms)
[2025-11-02T07:38:16.688+0000][gc,phases   ] GC(0)   Pre Evacuate Collection Set: 0.2ms
[2025-11-02T07:38:16.688+0000][gc,phases   ] GC(0)   Merge Heap Roots: 0.1ms
[2025-11-02T07:38:16.689+0000][gc,phases   ] GC(0)   Evacuate Collection Set: 25.0ms
[2025-11-02T07:38:16.689+0000][gc,phases   ] GC(0)   Post Evacuate Collection Set: 0.8ms
[2025-11-02T07:38:16.689+0000][gc,phases   ] GC(0)   Other: 3.4ms
[2025-11-02T07:38:16.689+0000][gc,heap     ] GC(0) Eden regions: 51->0(44)
[2025-11-02T07:38:16.689+0000][gc,heap     ] GC(0) Survivor regions: 0->7(7)
[2025-11-02T07:38:16.689+0000][gc,heap     ] GC(0) Old regions: 0->1
[2025-11-02T07:38:16.689+0000][gc,heap     ] GC(0) Archive regions: 2->2
[2025-11-02T07:38:16.689+0000][gc,heap     ] GC(0) Humongous regions: 0->0
[2025-11-02T07:38:16.689+0000][gc,metaspace] GC(0) Metaspace: 18581K(18816K)->18581K(18816K) NonClass: 16362K(16448K)->16362K(16448K) Class: 2219K(2368K)->2219K(2368K)
[2025-11-02T07:38:16.689+0000][gc          ] GC(0) Pause Young (Normal) (G1 Evacuation Pause) 51M->8M(1024M) 29.533ms
[2025-11-02T07:38:16.689+0000][gc,cpu      ] GC(0) User=0.01s Sys=0.02s Real=0.03s
[2025-11-02T07:38:17.021+0000][gc,start    ] GC(1) Pause Young (Concurrent Start) (Metadata GC Threshold)
[2025-11-02T07:38:17.021+0000][gc,task     ] GC(1) Using 4 workers of 4 for evacuation
[2025-11-02T07:38:17.032+0000][gc,phases   ] GC(1)   Pre Evacuate Collection Set: 0.1ms
[2025-11-02T07:38:17.032+0000][gc,phases   ] GC(1)   Merge Heap Roots: 0.0ms
[2025-11-02T07:38:17.032+0000][gc,phases   ] GC(1)   Evacuate Collection Set: 9.8ms
[2025-11-02T07:38:17.032+0000][gc,phases   ] GC(1)   Post Evacuate Collection Set: 0.6ms
[2025-11-02T07:38:17.032+0000][gc,phases   ] GC(1)   Other: 0.2ms
[2025-11-02T07:38:17.032+0000][gc,heap     ] GC(1) Eden regions: 13->0(49)
[2025-11-02T07:38:17.032+0000][gc,heap     ] GC(1) Survivor regions: 7->2(7)
[2025-11-02T07:38:17.032+0000][gc,heap     ] GC(1) Old regions: 1->8
[2025-11-02T07:38:17.032+0000][gc,heap     ] GC(1) Archive regions: 2->2
[2025-11-02T07:38:17.032+0000][gc,heap     ] GC(1) Humongous regions: 129->129
[2025-11-02T07:38:17.032+0000][gc,metaspace] GC(1) Metaspace: 21331K(21504K)->21331K(21504K) NonClass: 18756K(18816K)->18756K(18816K) Class: 2575K(2688K)->2575K(2688K)
[2025-11-02T07:38:17.032+0000][gc          ] GC(1) Pause Young (Concurrent Start) (Metadata GC Threshold) 149M->138M(1024M) 10.847ms
[2025-11-02T07:38:17.032+0000][gc,cpu      ] GC(1) User=0.01s Sys=0.01s Real=0.01s
[2025-11-02T07:38:17.036+0000][gc          ] GC(2) Concurrent Mark Cycle
[2025-11-02T07:38:17.036+0000][gc,marking  ] GC(2) Concurrent Clear Claimed Marks
[2025-11-02T07:38:17.036+0000][gc,marking  ] GC(2) Concurrent Clear Claimed Marks 0.033ms
[2025-11-02T07:38:17.036+0000][gc,marking  ] GC(2) Concurrent Scan Root Regions
[2025-11-02T07:38:17.038+0000][gc,marking  ] GC(2) Concurrent Scan Root Regions 2.644ms
[2025-11-02T07:38:17.039+0000][gc,marking  ] GC(2) Concurrent Mark
[2025-11-02T07:38:17.039+0000][gc,marking  ] GC(2) Concurrent Mark From Roots
[2025-11-02T07:38:17.039+0000][gc,task     ] GC(2) Using 1 workers of 1 for marking
[2025-11-02T07:38:17.041+0000][gc,marking  ] GC(2) Concurrent Mark From Roots 2.052ms
[2025-11-02T07:38:17.041+0000][gc,marking  ] GC(2) Concurrent Preclean
[2025-11-02T07:38:17.041+0000][gc,marking  ] GC(2) Concurrent Preclean 0.039ms
[2025-11-02T07:38:17.041+0000][gc,start    ] GC(2) Pause Remark
[2025-11-02T07:38:17.043+0000][gc          ] GC(2) Pause Remark 139M->139M(1024M) 1.886ms
[2025-11-02T07:38:17.043+0000][gc,cpu      ] GC(2) User=0.00s Sys=0.00s Real=0.00s
[2025-11-02T07:38:17.043+0000][gc,marking  ] GC(2) Concurrent Mark 4.241ms
[2025-11-02T07:38:17.043+0000][gc,marking  ] GC(2) Concurrent Rebuild Remembered Sets
[2025-11-02T07:38:17.046+0000][gc,marking  ] GC(2) Concurrent Rebuild Remembered Sets 2.868ms
[2025-11-02T07:38:17.046+0000][gc,start    ] GC(2) Pause Cleanup
[2025-11-02T07:38:17.046+0000][gc          ] GC(2) Pause Cleanup 139M->139M(1024M) 0.105ms
[2025-11-02T07:38:17.046+0000][gc,cpu      ] GC(2) User=0.00s Sys=0.00s Real=0.00s
[2025-11-02T07:38:17.046+0000][gc,marking  ] GC(2) Concurrent Cleanup for Next Mark
[2025-11-02T07:38:17.063+0000][gc,marking  ] GC(2) Concurrent Cleanup for Next Mark 17.177ms
[2025-11-02T07:38:17.063+0000][gc          ] GC(2) Concurrent Mark Cycle 27.479ms
[2025-11-02T07:38:17.775+0000][gc,start    ] GC(3) Pause Young (Concurrent Start) (G1 Evacuation Pause)
[2025-11-02T07:38:17.775+0000][gc,task     ] GC(3) Using 4 workers of 4 for evacuation
[2025-11-02T07:38:17.782+0000][gc,phases   ] GC(3)   Pre Evacuate Collection Set: 0.1ms
[2025-11-02T07:38:17.782+0000][gc,phases   ] GC(3)   Merge Heap Roots: 0.1ms
[2025-11-02T07:38:17.782+0000][gc,phases   ] GC(3)   Evacuate Collection Set: 6.7ms
[2025-11-02T07:38:17.782+0000][gc,phases   ] GC(3)   Post Evacuate Collection Set: 0.5ms
[2025-11-02T07:38:17.782+0000][gc,phases   ] GC(3)   Other: 0.2ms
[2025-11-02T07:38:17.782+0000][gc,heap     ] GC(3) Eden regions: 49->0(45)
[2025-11-02T07:38:17.782+0000][gc,heap     ] GC(3) Survivor regions: 2->6(7)
[2025-11-02T07:38:17.782+0000][gc,heap     ] GC(3) Old regions: 8->8
[2025-11-02T07:38:17.782+0000][gc,heap     ] GC(3) Archive regions: 2->2
[2025-11-02T07:38:17.782+0000][gc,heap     ] GC(3) Humongous regions: 129->129
[2025-11-02T07:38:17.782+0000][gc,metaspace] GC(3) Metaspace: 32469K(32768K)->32469K(32768K) NonClass: 28814K(28992K)->28814K(28992K) Class: 3655K(3776K)->3655K(3776K)
[2025-11-02T07:38:17.782+0000][gc          ] GC(3) Pause Young (Concurrent Start) (G1 Evacuation Pause) 187M->142M(1024M) 7.677ms
[2025-11-02T07:38:17.782+0000][gc,cpu      ] GC(3) User=0.01s Sys=0.00s Real=0.01s
[2025-11-02T07:38:17.782+0000][gc          ] GC(4) Concurrent Mark Cycle
[2025-11-02T07:38:17.782+0000][gc,marking  ] GC(4) Concurrent Clear Claimed Marks
[2025-11-02T07:38:17.782+0000][gc,marking  ] GC(4) Concurrent Clear Claimed Marks 0.023ms
[2025-11-02T07:38:17.782+0000][gc,marking  ] GC(4) Concurrent Scan Root Regions
[2025-11-02T07:38:17.786+0000][gc,marking  ] GC(4) Concurrent Scan Root Regions 3.673ms
[2025-11-02T07:38:17.786+0000][gc,marking  ] GC(4) Concurrent Mark
[2025-11-02T07:38:17.786+0000][gc,marking  ] GC(4) Concurrent Mark From Roots
[2025-11-02T07:38:17.786+0000][gc,task     ] GC(4) Using 1 workers of 1 for marking
[2025-11-02T07:38:17.796+0000][gc,marking  ] GC(4) Concurrent Mark From Roots 9.795ms
[2025-11-02T07:38:17.796+0000][gc,marking  ] GC(4) Concurrent Preclean
[2025-11-02T07:38:17.796+0000][gc,marking  ] GC(4) Concurrent Preclean 0.106ms
[2025-11-02T07:38:17.797+0000][gc,start    ] GC(4) Pause Remark
[2025-11-02T07:38:17.800+0000][gc          ] GC(4) Pause Remark 144M->144M(1024M) 3.471ms
[2025-11-02T07:38:17.800+0000][gc,cpu      ] GC(4) User=0.00s Sys=0.00s Real=0.01s
[2025-11-02T07:38:17.800+0000][gc,marking  ] GC(4) Concurrent Mark 14.235ms
[2025-11-02T07:38:17.800+0000][gc,marking  ] GC(4) Concurrent Rebuild Remembered Sets
[2025-11-02T07:38:17.813+0000][gc,marking  ] GC(4) Concurrent Rebuild Remembered Sets 12.207ms
[2025-11-02T07:38:17.813+0000][gc,start    ] GC(4) Pause Cleanup
[2025-11-02T07:38:17.813+0000][gc          ] GC(4) Pause Cleanup 145M->145M(1024M) 0.162ms
[2025-11-02T07:38:17.813+0000][gc,cpu      ] GC(4) User=0.00s Sys=0.00s Real=0.00s
[2025-11-02T07:38:17.813+0000][gc,marking  ] GC(4) Concurrent Cleanup for Next Mark
[2025-11-02T07:38:17.841+0000][gc,marking  ] GC(4) Concurrent Cleanup for Next Mark 28.144ms
[2025-11-02T07:38:17.841+0000][gc          ] GC(4) Concurrent Mark Cycle 58.884ms
[2025-11-02T07:44:23.850+0000][gc,start    ] GC(5) Pause Young (Normal) (G1 Evacuation Pause)
[2025-11-02T07:44:23.850+0000][gc,task     ] GC(5) Using 4 workers of 4 for evacuation
[2025-11-02T07:44:23.864+0000][gc,phases   ] GC(5)   Pre Evacuate Collection Set: 0.1ms
[2025-11-02T07:44:23.864+0000][gc,phases   ] GC(5)   Merge Heap Roots: 0.1ms
[2025-11-02T07:44:23.864+0000][gc,phases   ] GC(5)   Evacuate Collection Set: 12.0ms
[2025-11-02T07:44:23.864+0000][gc,phases   ] GC(5)   Post Evacuate Collection Set: 1.3ms
[2025-11-02T07:44:23.864+0000][gc,phases   ] GC(5)   Other: 0.4ms
[2025-11-02T07:44:23.864+0000][gc,heap     ] GC(5) Eden regions: 45->0(48)
[2025-11-02T07:44:23.864+0000][gc,heap     ] GC(5) Survivor regions: 6->3(7)
[2025-11-02T07:44:23.864+0000][gc,heap     ] GC(5) Old regions: 8->13
[2025-11-02T07:44:23.864+0000][gc,heap     ] GC(5) Archive regions: 2->2
[2025-11-02T07:44:23.864+0000][gc,heap     ] GC(5) Humongous regions: 129->129
[2025-11-02T07:44:23.864+0000][gc,metaspace] GC(5) Metaspace: 38421K(38848K)->38421K(38848K) NonClass: 33822K(34048K)->33822K(34048K) Class: 4599K(4800K)->4599K(4800K)
[2025-11-02T07:44:23.864+0000][gc          ] GC(5) Pause Young (Normal) (G1 Evacuation Pause) 187M->145M(1024M) 14.027ms
[2025-11-02T07:44:23.864+0000][gc,cpu      ] GC(5) User=0.02s Sys=0.01s Real=0.01s
[2025-11-02T07:54:17.698+0000][gc,start    ] GC(6) Pause Young (Normal) (G1 Evacuation Pause)
[2025-11-02T07:54:17.698+0000][gc,task     ] GC(6) Using 4 workers of 4 for evacuation
[2025-11-02T07:54:17.707+0000][gc,phases   ] GC(6)   Pre Evacuate Collection Set: 0.2ms
[2025-11-02T07:54:17.707+0000][gc,phases   ] GC(6)   Merge Heap Roots: 0.3ms
[2025-11-02T07:54:17.707+0000][gc,phases   ] GC(6)   Evacuate Collection Set: 6.9ms
[2025-11-02T07:54:17.707+0000][gc,phases   ] GC(6)   Post Evacuate Collection Set: 1.1ms
[2025-11-02T07:54:17.707+0000][gc,phases   ] GC(6)   Other: 0.6ms
[2025-11-02T07:54:17.707+0000][gc,heap     ] GC(6) Eden regions: 48->0(45)
[2025-11-02T07:54:17.707+0000][gc,heap     ] GC(6) Survivor regions: 3->6(7)
[2025-11-02T07:54:17.707+0000][gc,heap     ] GC(6) Old regions: 13->13
[2025-11-02T07:54:17.707+0000][gc,heap     ] GC(6) Archive regions: 2->2
[2025-11-02T07:54:17.707+0000][gc,heap     ] GC(6) Humongous regions: 129->129
[2025-11-02T07:54:17.707+0000][gc,metaspace] GC(6) Metaspace: 41327K(41856K)->41327K(41856K) NonClass: 36429K(36736K)->36429K(36736K) Class: 4898K(5120K)->4898K(5120K)
[2025-11-02T07:54:17.707+0000][gc          ] GC(6) Pause Young (Normal) (G1 Evacuation Pause) 193M->148M(1024M) 9.171ms
[2025-11-02T07:54:17.707+0000][gc,cpu      ] GC(6) User=0.02s Sys=0.00s Real=0.01s
[2025-11-02T08:02:34.773+0000][gc,start    ] GC(7) Pause Young (Normal) (G1 Evacuation Pause)
[2025-11-02T08:02:34.773+0000][gc,task     ] GC(7) Using 4 workers of 4 for evacuation
[2025-11-02T08:02:34.790+0000][gc,phases   ] GC(7)   Pre Evacuate Collection Set: 0.2ms
[2025-11-02T08:02:34.791+0000][gc,phases   ] GC(7)   Merge Heap Roots: 0.1ms
[2025-11-02T08:02:34.791+0000][gc,phases   ] GC(7)   Evacuate Collection Set: 16.4ms
[2025-11-02T08:02:34.791+0000][gc,phases   ] GC(7)   Post Evacuate Collection Set: 0.6ms
[2025-11-02T08:02:34.791+0000][gc,phases   ] GC(7)   Other: 0.2ms
[2025-11-02T08:02:34.791+0000][gc,heap     ] GC(7) Eden regions: 45->0(47)
[2025-11-02T08:02:34.791+0000][gc,heap     ] GC(7) Survivor regions: 6->4(7)
[2025-11-02T08:02:34.791+0000][gc,heap     ] GC(7) Old regions: 13->16
[2025-11-02T08:02:34.791+0000][gc,heap     ] GC(7) Archive regions: 2->2
[2025-11-02T08:02:34.791+0000][gc,heap     ] GC(7) Humongous regions: 129->129
[2025-11-02T08:02:34.791+0000][gc,metaspace] GC(7) Metaspace: 41639K(42176K)->41639K(42176K) NonClass: 36735K(37056K)->36735K(37056K) Class: 4903K(5120K)->4903K(5120K)
[2025-11-02T08:02:34.791+0000][gc          ] GC(7) Pause Young (Normal) (G1 Evacuation Pause) 193M->149M(1024M) 17.661ms
[2025-11-02T08:02:34.791+0000][gc,cpu      ] GC(7) User=0.02s Sys=0.00s Real=0.02s
[2025-11-02T08:11:38.124+0000][gc,start    ] GC(8) Pause Young (Normal) (G1 Evacuation Pause)
[2025-11-02T08:11:38.124+0000][gc,task     ] GC(8) Using 4 workers of 4 for evacuation
[2025-11-02T08:11:38.134+0000][gc,phases   ] GC(8)   Pre Evacuate Collection Set: 0.3ms
[2025-11-02T08:11:38.134+0000][gc,phases   ] GC(8)   Merge Heap Roots: 0.2ms
[2025-11-02T08:11:38.134+0000][gc,phases   ] GC(8)   Evacuate Collection Set: 8.3ms
[2025-11-02T08:11:38.134+0000][gc,phases   ] GC(8)   Post Evacuate Collection Set: 0.6ms
[2025-11-02T08:11:38.134+0000][gc,phases   ] GC(8)   Other: 0.3ms
[2025-11-02T08:11:38.134+0000][gc,heap     ] GC(8) Eden regions: 47->0(47)
[2025-11-02T08:11:38.134+0000][gc,heap     ] GC(8) Survivor regions: 4->4(7)
[2025-11-02T08:11:38.134+0000][gc,heap     ] GC(8) Old regions: 16->17
[2025-11-02T08:11:38.134+0000][gc,heap     ] GC(8) Archive regions: 2->2
[2025-11-02T08:11:38.134+0000][gc,heap     ] GC(8) Humongous regions: 129->129
[2025-11-02T08:11:38.134+0000][gc,metaspace] GC(8) Metaspace: 41685K(42176K)->41685K(42176K) NonClass: 36781K(37056K)->36781K(37056K) Class: 4903K(5120K)->4903K(5120K)
[2025-11-02T08:11:38.134+0000][gc          ] GC(8) Pause Young (Normal) (G1 Evacuation Pause) 196M->149M(1024M) 9.719ms
[2025-11-02T08:11:38.134+0000][gc,cpu      ] GC(8) User=0.02s Sys=0.00s Real=0.01s
[2025-11-02T08:21:04.457+0000][gc,start    ] GC(9) Pause Young (Normal) (G1 Evacuation Pause)
[2025-11-02T08:21:04.457+0000][gc,task     ] GC(9) Using 4 workers of 4 for evacuation
[2025-11-02T08:21:04.463+0000][gc,phases   ] GC(9)   Pre Evacuate Collection Set: 0.2ms
[2025-11-02T08:21:04.463+0000][gc,phases   ] GC(9)   Merge Heap Roots: 0.1ms
[2025-11-02T08:21:04.463+0000][gc,phases   ] GC(9)   Evacuate Collection Set: 4.3ms
[2025-11-02T08:21:04.463+0000][gc,phases   ] GC(9)   Post Evacuate Collection Set: 1.1ms
[2025-11-02T08:21:04.463+0000][gc,phases   ] GC(9)   Other: 0.2ms
[2025-11-02T08:21:04.463+0000][gc,heap     ] GC(9) Eden regions: 47->0(46)
[2025-11-02T08:21:04.463+0000][gc,heap     ] GC(9) Survivor regions: 4->5(7)
[2025-11-02T08:21:04.463+0000][gc,heap     ] GC(9) Old regions: 17->17
[2025-11-02T08:21:04.463+0000][gc,heap     ] GC(9) Archive regions: 2->2
[2025-11-02T08:21:04.463+0000][gc,heap     ] GC(9) Humongous regions: 129->129
[2025-11-02T08:21:04.463+0000][gc,metaspace] GC(9) Metaspace: 41771K(42304K)->41771K(42304K) NonClass: 36868K(37184K)->36868K(37184K) Class: 4903K(5120K)->4903K(5120K)
[2025-11-02T08:21:04.463+0000][gc          ] GC(9) Pause Young (Normal) (G1 Evacuation Pause) 196M->150M(1024M) 6.143ms
[2025-11-02T08:21:04.463+0000][gc,cpu      ] GC(9) User=0.01s Sys=0.00s Real=0.01s
[2025-11-02T08:30:32.353+0000][gc,start    ] GC(10) Pause Young (Normal) (G1 Evacuation Pause)
[2025-11-02T08:30:32.353+0000][gc,task     ] GC(10) Using 4 workers of 4 for evacuation
[2025-11-02T08:30:32.358+0000][gc,phases   ] GC(10)   Pre Evacuate Collection Set: 0.2ms
[2025-11-02T08:30:32.358+0000][gc,phases   ] GC(10)   Merge Heap Roots: 0.1ms
[2025-11-02T08:30:32.358+0000][gc,phases   ] GC(10)   Evacuate Collection Set: 3.7ms
[2025-11-02T08:30:32.358+0000][gc,phases   ] GC(10)   Post Evacuate Collection Set: 0.9ms
[2025-11-02T08:30:32.358+0000][gc,phases   ] GC(10)   Other: 0.2ms
[2025-11-02T08:30:32.358+0000][gc,heap     ] GC(10) Eden regions: 46->0(58)
[2025-11-02T08:30:32.358+0000][gc,heap     ] GC(10) Survivor regions: 5->3(7)
[2025-11-02T08:30:32.358+0000][gc,heap     ] GC(10) Old regions: 17->17
[2025-11-02T08:30:32.358+0000][gc,heap     ] GC(10) Archive regions: 2->2
[2025-11-02T08:30:32.358+0000][gc,heap     ] GC(10) Humongous regions: 129->129
[2025-11-02T08:30:32.358+0000][gc,metaspace] GC(10) Metaspace: 41812K(42368K)->41812K(42368K) NonClass: 36908K(37248K)->36908K(37248K) Class: 4903K(5120K)->4903K(5120K)
[2025-11-02T08:30:32.358+0000][gc          ] GC(10) Pause Young (Normal) (G1 Evacuation Pause) 196M->149M(1024M) 5.206ms
[2025-11-02T08:30:32.358+0000][gc,cpu      ] GC(10) User=0.01s Sys=0.00s Real=0.00s
[2025-11-02T08:41:43.943+0000][gc,start    ] GC(11) Pause Young (Normal) (G1 Evacuation Pause)
[2025-11-02T08:41:43.943+0000][gc,task     ] GC(11) Using 4 workers of 4 for evacuation
[2025-11-02T08:41:43.953+0000][gc,phases   ] GC(11)   Pre Evacuate Collection Set: 0.2ms
[2025-11-02T08:41:43.953+0000][gc,phases   ] GC(11)   Merge Heap Roots: 0.1ms
[2025-11-02T08:41:43.953+0000][gc,phases   ] GC(11)   Evacuate Collection Set: 8.6ms
[2025-11-02T08:41:43.953+0000][gc,phases   ] GC(11)   Post Evacuate Collection Set: 0.5ms
[2025-11-02T08:41:43.953+0000][gc,phases   ] GC(11)   Other: 0.2ms
[2025-11-02T08:41:43.953+0000][gc,heap     ] GC(11) Eden regions: 58->0(50)
[2025-11-02T08:41:43.953+0000][gc,heap     ] GC(11) Survivor regions: 3->5(8)
[2025-11-02T08:41:43.953+0000][gc,heap     ] GC(11) Old regions: 17->17
[2025-11-02T08:41:43.953+0000][gc,heap     ] GC(11) Archive regions: 2->2
[2025-11-02T08:41:43.953+0000][gc,heap     ] GC(11) Humongous regions: 129->129
[2025-11-02T08:41:43.953+0000][gc,metaspace] GC(11) Metaspace: 41903K(42432K)->41903K(42432K) NonClass: 36996K(37312K)->36996K(37312K) Class: 4907K(5120K)->4907K(5120K)
[2025-11-02T08:41:43.953+0000][gc          ] GC(11) Pause Young (Normal) (G1 Evacuation Pause) 207M->151M(1024M) 9.665ms
[2025-11-02T08:41:43.953+0000][gc,cpu      ] GC(11) User=0.01s Sys=0.01s Real=0.01s
[2025-11-02T08:52:04.773+0000][gc,start    ] GC(12) Pause Young (Normal) (G1 Evacuation Pause)
[2025-11-02T08:52:04.773+0000][gc,task     ] GC(12) Using 4 workers of 4 for evacuation
[2025-11-02T08:52:04.782+0000][gc,phases   ] GC(12)   Pre Evacuate Collection Set: 0.1ms
[2025-11-02T08:52:04.782+0000][gc,phases   ] GC(12)   Merge Heap Roots: 0.1ms
[2025-11-02T08:52:04.782+0000][gc,phases   ] GC(12)   Evacuate Collection Set: 8.3ms
[2025-11-02T08:52:04.782+0000][gc,phases   ] GC(12)   Post Evacuate Collection Set: 0.9ms
[2025-11-02T08:52:04.782+0000][gc,phases   ] GC(12)   Other: 0.2ms
[2025-11-02T08:52:04.782+0000][gc,heap     ] GC(12) Eden regions: 50->0(168)
[2025-11-02T08:52:04.782+0000][gc,heap     ] GC(12) Survivor regions: 5->4(7)
[2025-11-02T08:52:04.782+0000][gc,heap     ] GC(12) Old regions: 17->20
[2025-11-02T08:52:04.782+0000][gc,heap     ] GC(12) Archive regions: 2->2
[2025-11-02T08:52:04.782+0000][gc,heap     ] GC(12) Humongous regions: 129->129
[2025-11-02T08:52:04.782+0000][gc,metaspace] GC(12) Metaspace: 41942K(42432K)->41942K(42432K) NonClass: 37034K(37312K)->37034K(37312K) Class: 4907K(5120K)->4907K(5120K)
[2025-11-02T08:52:04.782+0000][gc          ] GC(12) Pause Young (Normal) (G1 Evacuation Pause) 201M->152M(1024M) 9.688ms
[2025-11-02T08:52:04.782+0000][gc,cpu      ] GC(12) User=0.01s Sys=0.01s Real=0.01s
[2025-11-02T09:27:37.206+0000][gc,start    ] GC(13) Pause Young (Normal) (G1 Evacuation Pause)
[2025-11-02T09:27:37.206+0000][gc,task     ] GC(13) Using 4 workers of 4 for evacuation
[2025-11-02T09:27:37.231+0000][gc,mmu      ] GC(13) MMU target violated: 21.0ms (20.0ms/21.0ms)
[2025-11-02T09:27:37.231+0000][gc,phases   ] GC(13)   Pre Evacuate Collection Set: 0.2ms
[2025-11-02T09:27:37.232+0000][gc,phases   ] GC(13)   Merge Heap Roots: 0.1ms
[2025-11-02T09:27:37.232+0000][gc,phases   ] GC(13)   Evacuate Collection Set: 23.5ms
[2025-11-02T09:27:37.232+0000][gc,phases   ] GC(13)   Post Evacuate Collection Set: 1.6ms
[2025-11-02T09:27:37.232+0000][gc,phases   ] GC(13)   Other: 0.3ms
[2025-11-02T09:27:37.232+0000][gc,heap     ] GC(13) Eden regions: 168->0(46)
[2025-11-02T09:27:37.232+0000][gc,heap     ] GC(13) Survivor regions: 4->12(22)
[2025-11-02T09:27:37.232+0000][gc,heap     ] GC(13) Old regions: 20->20
[2025-11-02T09:27:37.232+0000][gc,heap     ] GC(13) Archive regions: 2->2
[2025-11-02T09:27:37.232+0000][gc,heap     ] GC(13) Humongous regions: 129->129
[2025-11-02T09:27:37.232+0000][gc,metaspace] GC(13) Metaspace: 41981K(42496K)->41981K(42496K) NonClass: 37073K(37376K)->37073K(37376K) Class: 4907K(5120K)->4907K(5120K)
[2025-11-02T09:27:37.232+0000][gc          ] GC(13) Pause Young (Normal) (G1 Evacuation Pause) 320M->160M(1024M) 25.739ms
[2025-11-02T09:27:37.232+0000][gc,cpu      ] GC(13) User=0.05s Sys=0.01s Real=0.03s
[2025-11-02T09:37:16.024+0000][gc,start    ] GC(14) Pause Young (Normal) (G1 Evacuation Pause)
[2025-11-02T09:37:16.024+0000][gc,task     ] GC(14) Using 4 workers of 4 for evacuation
[2025-11-02T09:37:16.037+0000][gc,phases   ] GC(14)   Pre Evacuate Collection Set: 0.1ms
[2025-11-02T09:37:16.037+0000][gc,phases   ] GC(14)   Merge Heap Roots: 0.1ms
[2025-11-02T09:37:16.037+0000][gc,phases   ] GC(14)   Evacuate Collection Set: 12.5ms
[2025-11-02T09:37:16.037+0000][gc,phases   ] GC(14)   Post Evacuate Collection Set: 0.6ms
[2025-11-02T09:37:16.037+0000][gc,phases   ] GC(14)   Other: 0.2ms
[2025-11-02T09:37:16.037+0000][gc,heap     ] GC(14) Eden regions: 46->0(90)
[2025-11-02T09:37:16.037+0000][gc,heap     ] GC(14) Survivor regions: 12->4(8)
[2025-11-02T09:37:16.037+0000][gc,heap     ] GC(14) Old regions: 20->29
[2025-11-02T09:37:16.037+0000][gc,heap     ] GC(14) Archive regions: 2->2
[2025-11-02T09:37:16.037+0000][gc,heap     ] GC(14) Humongous regions: 129->129
[2025-11-02T09:37:16.037+0000][gc,metaspace] GC(14) Metaspace: 41983K(42496K)->41983K(42496K) NonClass: 37075K(37376K)->37075K(37376K) Class: 4907K(5120K)->4907K(5120K)
[2025-11-02T09:37:16.037+0000][gc          ] GC(14) Pause Young (Normal) (G1 Evacuation Pause) 206M->161M(1024M) 13.635ms
[2025-11-02T09:37:16.037+0000][gc,cpu      ] GC(14) User=0.03s Sys=0.01s Real=0.01s
[2025-11-02T09:55:14.773+0000][gc,start    ] GC(15) Pause Young (Normal) (G1 Evacuation Pause)
[2025-11-02T09:55:14.773+0000][gc,task     ] GC(15) Using 4 workers of 4 for evacuation
[2025-11-02T09:55:14.782+0000][gc,phases   ] GC(15)   Pre Evacuate Collection Set: 0.4ms
[2025-11-02T09:55:14.782+0000][gc,phases   ] GC(15)   Merge Heap Roots: 0.2ms
[2025-11-02T09:55:14.782+0000][gc,phases   ] GC(15)   Evacuate Collection Set: 7.0ms
[2025-11-02T09:55:14.782+0000][gc,phases   ] GC(15)   Post Evacuate Collection Set: 1.1ms
[2025-11-02T09:55:14.782+0000][gc,phases   ] GC(15)   Other: 0.5ms
[2025-11-02T09:55:14.782+0000][gc,heap     ] GC(15) Eden regions: 88->0(83)
[2025-11-02T09:55:14.782+0000][gc,heap     ] GC(15) Survivor regions: 4->7(12)
[2025-11-02T09:55:14.782+0000][gc,heap     ] GC(15) Old regions: 29->29
[2025-11-02T09:55:14.782+0000][gc,heap     ] GC(15) Archive regions: 2->2
[2025-11-02T09:55:14.782+0000][gc,heap     ] GC(15) Humongous regions: 129->129
[2025-11-02T09:55:14.782+0000][gc,metaspace] GC(15) Metaspace: 42004K(42560K)->42004K(42560K) NonClass: 37096K(37440K)->37096K(37440K) Class: 4907K(5120K)->4907K(5120K)
[2025-11-02T09:55:14.782+0000][gc          ] GC(15) Pause Young (Normal) (G1 Evacuation Pause) 249M->164M(1024M) 9.283ms
[2025-11-02T09:55:14.782+0000][gc,cpu      ] GC(15) User=0.02s Sys=0.00s Real=0.01s
[2025-11-02T10:12:18.857+0000][gc,start    ] GC(16) Pause Young (Normal) (G1 Evacuation Pause)
[2025-11-02T10:12:18.857+0000][gc,task     ] GC(16) Using 4 workers of 4 for evacuation
[2025-11-02T10:12:18.864+0000][gc,phases   ] GC(16)   Pre Evacuate Collection Set: 0.2ms
[2025-11-02T10:12:18.865+0000][gc,phases   ] GC(16)   Merge Heap Roots: 0.2ms
[2025-11-02T10:12:18.865+0000][gc,phases   ] GC(16)   Evacuate Collection Set: 5.9ms
[2025-11-02T10:12:18.865+0000][gc,phases   ] GC(16)   Post Evacuate Collection Set: 0.8ms
[2025-11-02T10:12:18.865+0000][gc,phases   ] GC(16)   Other: 0.2ms
[2025-11-02T10:12:18.865+0000][gc,heap     ] GC(16) Eden regions: 80->0(163)
[2025-11-02T10:12:18.865+0000][gc,heap     ] GC(16) Survivor regions: 7->5(11)
[2025-11-02T10:12:18.865+0000][gc,heap     ] GC(16) Old regions: 29->31
[2025-11-02T10:12:18.865+0000][gc,heap     ] GC(16) Archive regions: 2->2
[2025-11-02T10:12:18.865+0000][gc,heap     ] GC(16) Humongous regions: 129->129
[2025-11-02T10:12:18.865+0000][gc,metaspace] GC(16) Metaspace: 42008K(42560K)->42008K(42560K) NonClass: 37100K(37440K)->37100K(37440K) Class: 4907K(5120K)->4907K(5120K)
[2025-11-02T10:12:18.865+0000][gc          ] GC(16) Pause Young (Normal) (G1 Evacuation Pause) 244M->165M(1024M) 7.474ms
[2025-11-02T10:12:18.865+0000][gc,cpu      ] GC(16) User=0.01s Sys=0.00s Real=0.01s
[2025-11-02T10:29:39.773+0000][gc,start    ] GC(17) Pause Young (Normal) (G1 Evacuation Pause)
[2025-11-02T10:29:39.773+0000][gc,task     ] GC(17) Using 4 workers of 4 for evacuation
[2025-11-02T10:29:39.783+0000][gc,phases   ] GC(17)   Pre Evacuate Collection Set: 0.2ms
[2025-11-02T10:29:39.783+0000][gc,phases   ] GC(17)   Merge Heap Roots: 0.1ms
[2025-11-02T10:29:39.783+0000][gc,phases   ] GC(17)   Evacuate Collection Set: 8.7ms
[2025-11-02T10:29:39.783+0000][gc,phases   ] GC(17)   Post Evacuate Collection Set: 1.1ms
[2025-11-02T10:29:39.783+0000][gc,phases   ] GC(17)   Other: 0.2ms
[2025-11-02T10:29:39.783+0000][gc,heap     ] GC(17) Eden regions: 154->0(237)
[2025-11-02T10:29:39.783+0000][gc,heap     ] GC(17) Survivor regions: 5->5(20)
[2025-11-02T10:29:39.783+0000][gc,heap     ] GC(17) Old regions: 31->31
[2025-11-02T10:29:39.783+0000][gc,heap     ] GC(17) Archive regions: 2->2
[2025-11-02T10:29:39.783+0000][gc,heap     ] GC(17) Humongous regions: 129->129
[2025-11-02T10:29:39.783+0000][gc,metaspace] GC(17) Metaspace: 42138K(42624K)->42138K(42624K) NonClass: 37223K(37504K)->37223K(37504K) Class: 4914K(5120K)->4914K(5120K)
[2025-11-02T10:29:39.783+0000][gc          ] GC(17) Pause Young (Normal) (G1 Evacuation Pause) 319M->165M(1024M) 10.445ms
[2025-11-02T10:29:39.783+0000][gc,cpu      ] GC(17) User=0.01s Sys=0.00s Real=0.01s
[2025-11-02T10:52:18.402+0000][gc,start    ] GC(18) Pause Young (Normal) (G1 Evacuation Pause)
[2025-11-02T10:52:18.402+0000][gc,task     ] GC(18) Using 4 workers of 4 for evacuation
[2025-11-02T10:52:18.411+0000][gc,phases   ] GC(18)   Pre Evacuate Collection Set: 0.2ms
[2025-11-02T10:52:18.411+0000][gc,phases   ] GC(18)   Merge Heap Roots: 0.2ms
[2025-11-02T10:52:18.411+0000][gc,phases   ] GC(18)   Evacuate Collection Set: 6.9ms
[2025-11-02T10:52:18.411+0000][gc,phases   ] GC(18)   Post Evacuate Collection Set: 1.2ms
[2025-11-02T10:52:18.411+0000][gc,phases   ] GC(18)   Other: 0.2ms
[2025-11-02T10:52:18.411+0000][gc,heap     ] GC(18) Eden regions: 216->0(608)
[2025-11-02T10:52:18.411+0000][gc,heap     ] GC(18) Survivor regions: 5->6(28)
[2025-11-02T10:52:18.411+0000][gc,heap     ] GC(18) Old regions: 31->31
[2025-11-02T10:52:18.411+0000][gc,heap     ] GC(18) Archive regions: 2->2
[2025-11-02T10:52:18.411+0000][gc,heap     ] GC(18) Humongous regions: 129->129
[2025-11-02T10:52:18.411+0000][gc,metaspace] GC(18) Metaspace: 42163K(42624K)->42163K(42624K) NonClass: 37249K(37504K)->37249K(37504K) Class: 4914K(5120K)->4914K(5120K)
[2025-11-02T10:52:18.411+0000][gc          ] GC(18) Pause Young (Normal) (G1 Evacuation Pause) 381M->166M(1024M) 8.821ms
[2025-11-02T10:52:18.411+0000][gc,cpu      ] GC(18) User=0.03s Sys=0.00s Real=0.01s
[2025-11-02T13:02:28.459+0000][gc,start    ] GC(19) Pause Young (Normal) (G1 Evacuation Pause)
[2025-11-02T13:02:28.460+0000][gc,task     ] GC(19) Using 4 workers of 4 for evacuation
[2025-11-02T13:02:28.524+0000][gc,mmu      ] GC(19) MMU target violated: 21.0ms (20.0ms/21.0ms)
[2025-11-02T13:02:28.525+0000][gc,phases   ] GC(19)   Pre Evacuate Collection Set: 10.3ms
[2025-11-02T13:02:28.525+0000][gc,phases   ] GC(19)   Merge Heap Roots: 2.0ms
[2025-11-02T13:02:28.525+0000][gc,phases   ] GC(19)   Evacuate Collection Set: 44.2ms
[2025-11-02T13:02:28.525+0000][gc,phases   ] GC(19)   Post Evacuate Collection Set: 6.2ms
[2025-11-02T13:02:28.525+0000][gc,phases   ] GC(19)   Other: 3.1ms
[2025-11-02T13:02:28.525+0000][gc,heap     ] GC(19) Eden regions: 608->0(45)
[2025-11-02T13:02:28.525+0000][gc,heap     ] GC(19) Survivor regions: 6->6(77)
[2025-11-02T13:02:28.525+0000][gc,heap     ] GC(19) Old regions: 31->31
[2025-11-02T13:02:28.525+0000][gc,heap     ] GC(19) Archive regions: 2->2
[2025-11-02T13:02:28.525+0000][gc,heap     ] GC(19) Humongous regions: 129->129
[2025-11-02T13:02:28.525+0000][gc,metaspace] GC(19) Metaspace: 42271K(42880K)->42271K(42880K) NonClass: 37354K(37696K)->37354K(37696K) Class: 4917K(5184K)->4917K(5184K)
[2025-11-02T13:02:28.525+0000][gc          ] GC(19) Pause Young (Normal) (G1 Evacuation Pause) 774M->166M(1024M) 65.632ms
[2025-11-02T13:02:28.525+0000][gc,cpu      ] GC(19) User=0.04s Sys=0.03s Real=0.06s
[2025-11-02T13:09:18.840+0000][gc,start    ] GC(20) Pause Young (Normal) (G1 Evacuation Pause)
[2025-11-02T13:09:18.840+0000][gc,task     ] GC(20) Using 4 workers of 4 for evacuation
[2025-11-02T13:09:18.860+0000][gc,mmu      ] GC(20) MMU target violated: 20.3ms (20.0ms/21.0ms)
[2025-11-02T13:09:18.861+0000][gc,phases   ] GC(20)   Pre Evacuate Collection Set: 0.2ms
[2025-11-02T13:09:18.861+0000][gc,phases   ] GC(20)   Merge Heap Roots: 0.1ms
[2025-11-02T13:09:18.861+0000][gc,phases   ] GC(20)   Evacuate Collection Set: 19.3ms
[2025-11-02T13:09:18.861+0000][gc,phases   ] GC(20)   Post Evacuate Collection Set: 0.8ms
[2025-11-02T13:09:18.861+0000][gc,phases   ] GC(20)   Other: 0.2ms
[2025-11-02T13:09:18.861+0000][gc,heap     ] GC(20) Eden regions: 45->0(47)
[2025-11-02T13:09:18.861+0000][gc,heap     ] GC(20) Survivor regions: 6->4(7)
[2025-11-02T13:09:18.861+0000][gc,heap     ] GC(20) Old regions: 31->33
[2025-11-02T13:09:18.861+0000][gc,heap     ] GC(20) Archive regions: 2->2
[2025-11-02T13:09:18.861+0000][gc,heap     ] GC(20) Humongous regions: 129->129
[2025-11-02T13:09:18.861+0000][gc,metaspace] GC(20) Metaspace: 42284K(42880K)->42284K(42880K) NonClass: 37367K(37696K)->37367K(37696K) Class: 4917K(5184K)->4917K(5184K)
[2025-11-02T13:09:18.861+0000][gc          ] GC(20) Pause Young (Normal) (G1 Evacuation Pause) 211M->166M(1024M) 20.580ms
[2025-11-02T13:09:18.861+0000][gc,cpu      ] GC(20) User=0.02s Sys=0.02s Real=0.02s
[2025-11-02T13:16:31.490+0000][gc,start    ] GC(21) Pause Young (Normal) (G1 Evacuation Pause)
[2025-11-02T13:16:31.490+0000][gc,task     ] GC(21) Using 4 workers of 4 for evacuation
[2025-11-02T13:16:31.502+0000][gc,phases   ] GC(21)   Pre Evacuate Collection Set: 0.2ms
[2025-11-02T13:16:31.502+0000][gc,phases   ] GC(21)   Merge Heap Roots: 0.2ms
[2025-11-02T13:16:31.502+0000][gc,phases   ] GC(21)   Evacuate Collection Set: 11.4ms
[2025-11-02T13:16:31.502+0000][gc,phases   ] GC(21)   Post Evacuate Collection Set: 0.6ms
[2025-11-02T13:16:31.502+0000][gc,phases   ] GC(21)   Other: 0.2ms
[2025-11-02T13:16:31.502+0000][gc,heap     ] GC(21) Eden regions: 47->0(48)
[2025-11-02T13:16:31.502+0000][gc,heap     ] GC(21) Survivor regions: 4->3(7)
[2025-11-02T13:16:31.502+0000][gc,heap     ] GC(21) Old regions: 33->33
[2025-11-02T13:16:31.502+0000][gc,heap     ] GC(21) Archive regions: 2->2
[2025-11-02T13:16:31.502+0000][gc,heap     ] GC(21) Humongous regions: 129->129
[2025-11-02T13:16:31.502+0000][gc,metaspace] GC(21) Metaspace: 42290K(42880K)->42290K(42880K) NonClass: 37373K(37696K)->37373K(37696K) Class: 4917K(5184K)->4917K(5184K)
[2025-11-02T13:16:31.502+0000][gc          ] GC(21) Pause Young (Normal) (G1 Evacuation Pause) 213M->165M(1024M) 12.695ms
[2025-11-02T13:16:31.502+0000][gc,cpu      ] GC(21) User=0.02s Sys=0.00s Real=0.01s
[2025-11-02T13:23:49.377+0000][gc,start    ] GC(22) Pause Young (Normal) (G1 Evacuation Pause)
[2025-11-02T13:23:49.377+0000][gc,task     ] GC(22) Using 4 workers of 4 for evacuation
[2025-11-02T13:23:49.386+0000][gc,phases   ] GC(22)   Pre Evacuate Collection Set: 0.2ms
[2025-11-02T13:23:49.386+0000][gc,phases   ] GC(22)   Merge Heap Roots: 0.1ms
[2025-11-02T13:23:49.386+0000][gc,phases   ] GC(22)   Evacuate Collection Set: 7.4ms
[2025-11-02T13:23:49.386+0000][gc,phases   ] GC(22)   Post Evacuate Collection Set: 0.5ms
[2025-11-02T13:23:49.386+0000][gc,phases   ] GC(22)   Other: 0.3ms
[2025-11-02T13:23:49.386+0000][gc,heap     ] GC(22) Eden regions: 48->0(57)
[2025-11-02T13:23:49.386+0000][gc,heap     ] GC(22) Survivor regions: 3->4(7)
[2025-11-02T13:23:49.386+0000][gc,heap     ] GC(22) Old regions: 33->33
[2025-11-02T13:23:49.386+0000][gc,heap     ] GC(22) Archive regions: 2->2
[2025-11-02T13:23:49.386+0000][gc,heap     ] GC(22) Humongous regions: 129->129
[2025-11-02T13:23:49.386+0000][gc,metaspace] GC(22) Metaspace: 42292K(42880K)->42292K(42880K) NonClass: 37375K(37696K)->37375K(37696K) Class: 4917K(5184K)->4917K(5184K)
[2025-11-02T13:23:49.386+0000][gc          ] GC(22) Pause Young (Normal) (G1 Evacuation Pause) 213M->166M(1024M) 8.578ms
[2025-11-02T13:23:49.386+0000][gc,cpu      ] GC(22) User=0.02s Sys=0.00s Real=0.01s
[2025-11-02T13:32:31.923+0000][gc,start    ] GC(23) Pause Young (Normal) (G1 Evacuation Pause)
[2025-11-02T13:32:31.923+0000][gc,task     ] GC(23) Using 4 workers of 4 for evacuation
[2025-11-02T13:32:31.942+0000][gc,phases   ] GC(23)   Pre Evacuate Collection Set: 0.2ms
[2025-11-02T13:32:31.942+0000][gc,phases   ] GC(23)   Merge Heap Roots: 0.1ms
[2025-11-02T13:32:31.942+0000][gc,phases   ] GC(23)   Evacuate Collection Set: 18.2ms
[2025-11-02T13:32:31.942+0000][gc,phases   ] GC(23)   Post Evacuate Collection Set: 0.4ms
[2025-11-02T13:32:31.942+0000][gc,phases   ] GC(23)   Other: 0.2ms
[2025-11-02T13:32:31.942+0000][gc,heap     ] GC(23) Eden regions: 57->0(47)
[2025-11-02T13:32:31.942+0000][gc,heap     ] GC(23) Survivor regions: 4->4(8)
[2025-11-02T13:32:31.942+0000][gc,heap     ] GC(23) Old regions: 33->33
[2025-11-02T13:32:31.942+0000][gc,heap     ] GC(23) Archive regions: 2->2
[2025-11-02T13:32:31.942+0000][gc,heap     ] GC(23) Humongous regions: 129->129
[2025-11-02T13:32:31.942+0000][gc,metaspace] GC(23) Metaspace: 42294K(42880K)->42294K(42880K) NonClass: 37377K(37696K)->37377K(37696K) Class: 4917K(5184K)->4917K(5184K)
[2025-11-02T13:32:31.942+0000][gc          ] GC(23) Pause Young (Normal) (G1 Evacuation Pause) 223M->166M(1024M) 19.348ms
[2025-11-02T13:32:31.943+0000][gc,cpu      ] GC(23) User=0.02s Sys=0.01s Real=0.02s
[2025-11-02T13:39:07.619+0000][gc,start    ] GC(24) Pause Young (Normal) (G1 Evacuation Pause)
[2025-11-02T13:39:07.619+0000][gc,task     ] GC(24) Using 4 workers of 4 for evacuation
[2025-11-02T13:39:07.627+0000][gc,phases   ] GC(24)   Pre Evacuate Collection Set: 0.2ms
[2025-11-02T13:39:07.627+0000][gc,phases   ] GC(24)   Merge Heap Roots: 0.4ms
[2025-11-02T13:39:07.627+0000][gc,phases   ] GC(24)   Evacuate Collection Set: 6.7ms
[2025-11-02T13:39:07.627+0000][gc,phases   ] GC(24)   Post Evacuate Collection Set: 0.8ms
[2025-11-02T13:39:07.627+0000][gc,phases   ] GC(24)   Other: 0.2ms
[2025-11-02T13:39:07.627+0000][gc,heap     ] GC(24) Eden regions: 47->0(45)
[2025-11-02T13:39:07.627+0000][gc,heap     ] GC(24) Survivor regions: 4->6(7)
[2025-11-02T13:39:07.627+0000][gc,heap     ] GC(24) Old regions: 33->33
[2025-11-02T13:39:07.627+0000][gc,heap     ] GC(24) Archive regions: 2->2
[2025-11-02T13:39:07.627+0000][gc,heap     ] GC(24) Humongous regions: 129->129
[2025-11-02T13:39:07.627+0000][gc,metaspace] GC(24) Metaspace: 42301K(42880K)->42301K(42880K) NonClass: 37384K(37696K)->37384K(37696K) Class: 4917K(5184K)->4917K(5184K)
[2025-11-02T13:39:07.627+0000][gc          ] GC(24) Pause Young (Normal) (G1 Evacuation Pause) 213M->168M(1024M) 8.277ms
[2025-11-02T13:39:07.627+0000][gc,cpu      ] GC(24) User=0.01s Sys=0.00s Real=0.00s
[2025-11-02T13:45:58.067+0000][gc,start    ] GC(25) Pause Young (Normal) (G1 Evacuation Pause)
[2025-11-02T13:45:58.067+0000][gc,task     ] GC(25) Using 4 workers of 4 for evacuation
[2025-11-02T13:45:58.080+0000][gc,phases   ] GC(25)   Pre Evacuate Collection Set: 0.1ms
[2025-11-02T13:45:58.080+0000][gc,phases   ] GC(25)   Merge Heap Roots: 0.1ms
[2025-11-02T13:45:58.080+0000][gc,phases   ] GC(25)   Evacuate Collection Set: 12.3ms
[2025-11-02T13:45:58.080+0000][gc,phases   ] GC(25)   Post Evacuate Collection Set: 0.4ms
[2025-11-02T13:45:58.080+0000][gc,phases   ] GC(25)   Other: 0.2ms
[2025-11-02T13:45:58.080+0000][gc,heap     ] GC(25) Eden regions: 45->0(46)
[2025-11-02T13:45:58.080+0000][gc,heap     ] GC(25) Survivor regions: 6->5(7)
[2025-11-02T13:45:58.080+0000][gc,heap     ] GC(25) Old regions: 33->35
[2025-11-02T13:45:58.080+0000][gc,heap     ] GC(25) Archive regions: 2->2
[2025-11-02T13:45:58.080+0000][gc,heap     ] GC(25) Humongous regions: 129->129
[2025-11-02T13:45:58.080+0000][gc,metaspace] GC(25) Metaspace: 42301K(42880K)->42301K(42880K) NonClass: 37384K(37696K)->37384K(37696K) Class: 4917K(5184K)->4917K(5184K)
[2025-11-02T13:45:58.080+0000][gc          ] GC(25) Pause Young (Normal) (G1 Evacuation Pause) 213M->168M(1024M) 13.123ms
[2025-11-02T13:45:58.080+0000][gc,cpu      ] GC(25) User=0.02s Sys=0.01s Real=0.02s
[2025-11-02T13:52:58.754+0000][gc,start    ] GC(26) Pause Young (Normal) (G1 Evacuation Pause)
[2025-11-02T13:52:58.754+0000][gc,task     ] GC(26) Using 4 workers of 4 for evacuation
[2025-11-02T13:52:58.763+0000][gc,phases   ] GC(26)   Pre Evacuate Collection Set: 0.2ms
[2025-11-02T13:52:58.763+0000][gc,phases   ] GC(26)   Merge Heap Roots: 0.1ms
[2025-11-02T13:52:58.763+0000][gc,phases   ] GC(26)   Evacuate Collection Set: 8.1ms
[2025-11-02T13:52:58.763+0000][gc,phases   ] GC(26)   Post Evacuate Collection Set: 0.5ms
[2025-11-02T13:52:58.763+0000][gc,phases   ] GC(26)   Other: 0.2ms
[2025-11-02T13:52:58.763+0000][gc,heap     ] GC(26) Eden regions: 46->0(191)
[2025-11-02T13:52:58.763+0000][gc,heap     ] GC(26) Survivor regions: 5->4(7)
[2025-11-02T13:52:58.763+0000][gc,heap     ] GC(26) Old regions: 35->36
[2025-11-02T13:52:58.763+0000][gc,heap     ] GC(26) Archive regions: 2->2
[2025-11-02T13:52:58.763+0000][gc,heap     ] GC(26) Humongous regions: 129->129
[2025-11-02T13:52:58.763+0000][gc,metaspace] GC(26) Metaspace: 42302K(42880K)->42302K(42880K) NonClass: 37385K(37696K)->37385K(37696K) Class: 4917K(5184K)->4917K(5184K)
[2025-11-02T13:52:58.763+0000][gc          ] GC(26) Pause Young (Normal) (G1 Evacuation Pause) 214M->169M(1024M) 9.144ms
[2025-11-02T13:52:58.763+0000][gc,cpu      ] GC(26) User=0.01s Sys=0.01s Real=0.01s
[2025-11-02T14:22:22.143+0000][gc,start    ] GC(27) Pause Young (Normal) (G1 Evacuation Pause)
[2025-11-02T14:22:22.143+0000][gc,task     ] GC(27) Using 4 workers of 4 for evacuation
[2025-11-02T14:22:22.165+0000][gc,mmu      ] GC(27) MMU target violated: 21.0ms (20.0ms/21.0ms)
[2025-11-02T14:22:22.165+0000][gc,phases   ] GC(27)   Pre Evacuate Collection Set: 0.3ms
[2025-11-02T14:22:22.165+0000][gc,phases   ] GC(27)   Merge Heap Roots: 0.1ms
[2025-11-02T14:22:22.165+0000][gc,phases   ] GC(27)   Evacuate Collection Set: 19.8ms
[2025-11-02T14:22:22.165+0000][gc,phases   ] GC(27)   Post Evacuate Collection Set: 1.3ms
[2025-11-02T14:22:22.165+0000][gc,phases   ] GC(27)   Other: 0.5ms
[2025-11-02T14:22:22.165+0000][gc,heap     ] GC(27) Eden regions: 191->0(46)
[2025-11-02T14:22:22.165+0000][gc,heap     ] GC(27) Survivor regions: 4->5(25)
[2025-11-02T14:22:22.165+0000][gc,heap     ] GC(27) Old regions: 36->36
[2025-11-02T14:22:22.165+0000][gc,heap     ] GC(27) Archive regions: 2->2
[2025-11-02T14:22:22.165+0000][gc,heap     ] GC(27) Humongous regions: 129->129
[2025-11-02T14:22:22.165+0000][gc,metaspace] GC(27) Metaspace: 42316K(42880K)->42316K(42880K) NonClass: 37399K(37696K)->37399K(37696K) Class: 4917K(5184K)->4917K(5184K)
[2025-11-02T14:22:22.165+0000][gc          ] GC(27) Pause Young (Normal) (G1 Evacuation Pause) 360M->170M(1024M) 22.007ms
[2025-11-02T14:22:22.165+0000][gc,cpu      ] GC(27) User=0.03s Sys=0.01s Real=0.02s
[2025-11-02T14:29:21.875+0000][gc,start    ] GC(28) Pause Young (Normal) (G1 Evacuation Pause)
[2025-11-02T14:29:21.875+0000][gc,task     ] GC(28) Using 4 workers of 4 for evacuation
[2025-11-02T14:29:21.881+0000][gc,phases   ] GC(28)   Pre Evacuate Collection Set: 0.1ms
[2025-11-02T14:29:21.881+0000][gc,phases   ] GC(28)   Merge Heap Roots: 0.2ms
[2025-11-02T14:29:21.881+0000][gc,phases   ] GC(28)   Evacuate Collection Set: 5.4ms
[2025-11-02T14:29:21.881+0000][gc,phases   ] GC(28)   Post Evacuate Collection Set: 0.6ms
[2025-11-02T14:29:21.881+0000][gc,phases   ] GC(28)   Other: 0.2ms
[2025-11-02T14:29:21.881+0000][gc,heap     ] GC(28) Eden regions: 46->0(102)
[2025-11-02T14:29:21.881+0000][gc,heap     ] GC(28) Survivor regions: 5->5(7)
[2025-11-02T14:29:21.881+0000][gc,heap     ] GC(28) Old regions: 36->37
[2025-11-02T14:29:21.881+0000][gc,heap     ] GC(28) Archive regions: 2->2
[2025-11-02T14:29:21.881+0000][gc,heap     ] GC(28) Humongous regions: 129->129
[2025-11-02T14:29:21.881+0000][gc,metaspace] GC(28) Metaspace: 42316K(42880K)->42316K(42880K) NonClass: 37399K(37696K)->37399K(37696K) Class: 4917K(5184K)->4917K(5184K)
[2025-11-02T14:29:21.881+0000][gc          ] GC(28) Pause Young (Normal) (G1 Evacuation Pause) 216M->171M(1024M) 6.524ms
[2025-11-02T14:29:21.881+0000][gc,cpu      ] GC(28) User=0.01s Sys=0.00s Real=0.01s
[2025-11-02T14:46:18.426+0000][gc,start    ] GC(29) Pause Young (Normal) (G1 Evacuation Pause)
[2025-11-02T14:46:18.426+0000][gc,task     ] GC(29) Using 4 workers of 4 for evacuation
[2025-11-02T14:46:18.441+0000][gc,phases   ] GC(29)   Pre Evacuate Collection Set: 0.8ms
[2025-11-02T14:46:18.441+0000][gc,phases   ] GC(29)   Merge Heap Roots: 0.3ms
[2025-11-02T14:46:18.441+0000][gc,phases   ] GC(29)   Evacuate Collection Set: 12.9ms
[2025-11-02T14:46:18.441+0000][gc,phases   ] GC(29)   Post Evacuate Collection Set: 0.6ms
[2025-11-02T14:46:18.441+0000][gc,phases   ] GC(29)   Other: 0.5ms
[2025-11-02T14:46:18.441+0000][gc,heap     ] GC(29) Eden regions: 101->0(43)
[2025-11-02T14:46:18.441+0000][gc,heap     ] GC(29) Survivor regions: 5->8(14)
[2025-11-02T14:46:18.441+0000][gc,heap     ] GC(29) Old regions: 37->37
[2025-11-02T14:46:18.441+0000][gc,heap     ] GC(29) Archive regions: 2->2
[2025-11-02T14:46:18.441+0000][gc,heap     ] GC(29) Humongous regions: 129->129
[2025-11-02T14:46:18.441+0000][gc,metaspace] GC(29) Metaspace: 42362K(42944K)->42362K(42944K) NonClass: 37445K(37760K)->37445K(37760K) Class: 4917K(5184K)->4917K(5184K)
[2025-11-02T14:46:18.448+0000][gc          ] GC(29) Pause Young (Normal) (G1 Evacuation Pause) 272M->174M(1024M) 21.629ms
[2025-11-02T14:46:18.448+0000][gc,cpu      ] GC(29) User=0.03s Sys=0.00s Real=0.02s
[2025-11-02T14:52:51.355+0000][gc,start    ] GC(30) Pause Young (Normal) (G1 Evacuation Pause)
[2025-11-02T14:52:51.355+0000][gc,task     ] GC(30) Using 4 workers of 4 for evacuation
[2025-11-02T14:52:51.368+0000][gc,phases   ] GC(30)   Pre Evacuate Collection Set: 0.4ms
[2025-11-02T14:52:51.368+0000][gc,phases   ] GC(30)   Merge Heap Roots: 0.1ms
[2025-11-02T14:52:51.368+0000][gc,phases   ] GC(30)   Evacuate Collection Set: 12.1ms
[2025-11-02T14:52:51.368+0000][gc,phases   ] GC(30)   Post Evacuate Collection Set: 0.7ms
[2025-11-02T14:52:51.368+0000][gc,phases   ] GC(30)   Other: 0.2ms
[2025-11-02T14:52:51.368+0000][gc,heap     ] GC(30) Eden regions: 43->0(236)
[2025-11-02T14:52:51.368+0000][gc,heap     ] GC(30) Survivor regions: 8->3(7)
[2025-11-02T14:52:51.368+0000][gc,heap     ] GC(30) Old regions: 37->42
[2025-11-02T14:52:51.368+0000][gc,heap     ] GC(30) Archive regions: 2->2
[2025-11-02T14:52:51.368+0000][gc,heap     ] GC(30) Humongous regions: 129->129
[2025-11-02T14:52:51.368+0000][gc,metaspace] GC(30) Metaspace: 42363K(42944K)->42363K(42944K) NonClass: 37446K(37760K)->37446K(37760K) Class: 4917K(5184K)->4917K(5184K)
[2025-11-02T14:52:51.368+0000][gc          ] GC(30) Pause Young (Normal) (G1 Evacuation Pause) 217M->173M(1024M) 13.672ms
[2025-11-02T14:52:51.368+0000][gc,cpu      ] GC(30) User=0.02s Sys=0.00s Real=0.01s
